[www.the-qrcode-generator.com/index.html]
[www.the-qrcode-generator.com/wp-content/themes/tqrcg/js/service-worker.js]
[backblue.gif]
[fade.gif]
[index.html]
[www.the-qrcode-generator.com/wp-content/themes/tqrcg/style.css]
[www.the-qrcode-generator.com/wp-content/themes/tqrcg/favicon.ico]
[cdn.jsdelivr.net/npm/bootstrap@5.0.2/dist/css/bootstrap.min.css]
[www.the-qrcode-generator.com/wp-content/themes/tqrcg/js/modernizr.js]
[www.the-qrcode-generator.com/wp-content/themes/tqrcg/stylesheets/custom.css]
[www.the-qrcode-generator.com/wp-content/plugins/genesis-blocks/dist/style-blocks.build6c67.css]
[www.the-qrcode-generator.com/wp-includes/css/dist/block-library/style.minadc6.css]
[www.the-qrcode-generator.com/wp-content/plugins/accordion-blocks/build/index7692.css]
[www.the-qrcode-generator.com/wp-includes/js/jquery/jquery.minf43b.js]
[www.the-qrcode-generator.com/wp-includes/js/jquery/jquery-migrate.min5589.js]
[www.the-qrcode-generator.com/wp-json/index.html]
[www.the-qrcode-generator.com/wp-content/uploads/2024/07/cropped-tqrcg-32x32.png]
[www.the-qrcode-generator.com/wp-content/uploads/2024/07/cropped-tqrcg-192x192.png]
[www.the-qrcode-generator.com/wp-content/uploads/2024/07/cropped-tqrcg-180x180.png]
[www.the-qrcode-generator.com/wp-content/themes/tqrcg/img/header/cross-black.svg]
[www.the-qrcode-generator.com/wp-content/themes/tqrcg/img/header/polo-logo-v1.png]
[www.the-qrcode-generator.com/indexb64c.html]
[www.the-qrcode-generator.com/index0717.html]
[www.the-qrcode-generator.com/index6dc5.html]
[www.the-qrcode-generator.com/indexa154.html]
[www.the-qrcode-generator.com/indexcef0.html]
[www.the-qrcode-generator.com/custom-qr-code.html]
[www.the-qrcode-generator.com/index07e7.html]
[www.the-qrcode-generator.com/index19cf.html]
[www.the-qrcode-generator.com/index0798.html]
[www.the-qrcode-generator.com/dynamic-qr-code.html]
[www.the-qrcode-generator.com/scan6dc5.html]
[www.the-qrcode-generator.com/wp-content/themes/tqrcg/img/Globe_icon.svg]
[www.the-qrcode-generator.com/wp-content/themes/tqrcg/img/pen-nib-cross.png]
[www.the-qrcode-generator.com/wp-content/themes/tqrcg/img/metric-spike.png]
[www.the-qrcode-generator.com/wp-content/themes/tqrcg/new_widget/dist/assets/css/qrcg-widget.css]
[www.the-qrcode-generator.com/wp-content/themes/tqrcg/new_widget/dist/assets/js/main.min.js]
[www.the-qrcode-generator.com/wp-content/themes/tqrcg/new_widget/dist/assets/js/bundle.js]
[www.the-qrcode-generator.com/wp-content/themes/tqrcg/img/stepper-curve.svg]
[www.the-qrcode-generator.com/pricing774d.html]
[www.the-qrcode-generator.com/wp-content/themes/tqrcg/img/homepage/green-gradient.svg]
[www.the-qrcode-generator.com/scan.html]
[www.the-qrcode-generator.com/imprint.html]
[www.the-qrcode-generator.com/terms.html]
[www.the-qrcode-generator.com/privacy.html]
[www.the-qrcode-generator.com/whats-a-qr-code.html]
[www.the-qrcode-generator.com/blog/index.html]
[www.the-qrcode-generator.com/blog/buying-guide/the-ultimate-guide-to-choosing-the-best-qr-code-generator.html]
[www.the-qrcode-generator.com/pricingbb37.html]
[www.the-qrcode-generator.com/wp-content/themes/tqrcg/img/footer/facebook.svg]
[www.the-qrcode-generator.com/wp-content/themes/tqrcg/img/footer/twitter.svg]
[www.the-qrcode-generator.com/wp-content/themes/tqrcg/img/footer/youtube.svg]
[www.the-qrcode-generator.com/wp-content/themes/tqrcg/img/footer/linkedin.svg]
[cdn.jsdelivr.net/npm/@popperjs/core@2.9.2/dist/umd/popper.min.js]
[cdn.jsdelivr.net/npm/bootstrap@5.0.2/dist/js/bootstrap.min.js]
[cdnjs.cloudflare.com/ajax/libs/html5shiv/3.7.2/html5shiv.min.js]
[www.the-qrcode-generator.com/wp-content/themes/tqrcg/stylesheets/font-awesome.css]
[www.the-qrcode-generator.com/wp-content/themes/tqrcg/js/foundation.min.js]
[www.the-qrcode-generator.com/wp-content/plugins/accordion-blocks/js/accordion-blocks.min7692.js]
[www.the-qrcode-generator.com/index.html]
[www.googletagmanager.com/gtm5445.html]
[www.the-qrcode-generator.com/wp-content/plugins/genesis-blocks/dist/assets/js/dismiss6c67.js]
[www.uniqode.com/blog/wp-content/themes/tqrcg/cta/cbd-post-sidebar-top-bg-lg.33.delayed]
[www.uniqode.com/blog/wp-content/themes/tqrcg/cta/cbd-post-sidebar-top-bg-sm.34.delayed]
[www.the-qrcode-generator.com/wp-content/themes/tqrcg/style.css]
[cdn.jsdelivr.net/npm/bootstrap@5.0.2/dist/css/bootstrap.min.css]
[www.the-qrcode-generator.com/xmlrpc.html]
[www.the-qrcode-generator.com/wp-content/themes/tqrcg/stylesheets/custom.css]
[www.the-qrcode-generator.com/wp-content/plugins/genesis-blocks/dist/style-blocks.build6c67.css]
[www.the-qrcode-generator.com/wp-includes/css/dist/block-library/style.minadc6.css]
[www.the-qrcode-generator.com/wp-content/plugins/accordion-blocks/build/index7692.css]
[www.the-qrcode-generator.com/xmlrpc0db0.html]
[www.the-qrcode-generator.com/wp-content/themes/tqrcg/img/header/cross-black.svg]
[www.the-qrcode-generator.com/wp-content/plugins/accordion-blocks/build/indexd472.css]
[www.the-qrcode-generator.com/index6dc5.html]
[www.the-qrcode-generator.com/wp-content/plugins/accordion-blocks/js/accordion-blocks.mind472.js]
[www.the-qrcode-generator.com/wp-content/plugins/accordion-blocks/build/index4147.css]
[www.the-qrcode-generator.com/custom-qr-code0717.html]
[www.the-qrcode-generator.com/dynamic-qr-code0717.html]
[www.the-qrcode-generator.com/scan0717.html]
[www.the-qrcode-generator.com/pricingd9e2.html]
[www.the-qrcode-generator.com/whats-a-qr-code0717.html]
[www.the-qrcode-generator.com/pricing7c12.html]
[www.the-qrcode-generator.com/privacy0717.html]
[www.the-qrcode-generator.com/terms0717.html]
[www.the-qrcode-generator.com/imprint0717.html]
[www.the-qrcode-generator.com/index0717.html]
[www.the-qrcode-generator.com/wp-content/plugins/accordion-blocks/js/accordion-blocks.min4147.js]
[www.the-qrcode-generator.com/wp-content/plugins/accordion-blocks/build/index7f2a.css]
[www.the-qrcode-generator.com/custom-qr-codeb64c.html]
[www.the-qrcode-generator.com/dynamic-qr-codeb64c.html]
[www.the-qrcode-generator.com/scanb64c.html]
[www.the-qrcode-generator.com/pricing2002.html]
[www.the-qrcode-generator.com/whats-a-qr-codeb64c.html]
[www.the-qrcode-generator.com/pricinga205.html]
[www.the-qrcode-generator.com/privacyb64c.html]
[www.the-qrcode-generator.com/termsb64c.html]
[www.the-qrcode-generator.com/imprintb64c.html]
[www.the-qrcode-generator.com/indexb64c.html]
[www.the-qrcode-generator.com/wp-content/plugins/accordion-blocks/js/accordion-blocks.min7f2a.js]
[www.the-qrcode-generator.com/wp-content/plugins/accordion-blocks/build/index42ba.css]
[www.the-qrcode-generator.com/custom-qr-codea154.html]
[www.the-qrcode-generator.com/dynamic-qr-codea154.html]
[www.the-qrcode-generator.com/scana154.html]
[www.the-qrcode-generator.com/pricing26ce.html]
[www.the-qrcode-generator.com/whats-a-qr-codea154.html]
[www.the-qrcode-generator.com/pricing653d.html]
[www.the-qrcode-generator.com/privacya154.html]
[www.the-qrcode-generator.com/termsa154.html]
[www.the-qrcode-generator.com/imprinta154.html]
[www.the-qrcode-generator.com/indexa154.html]
[www.the-qrcode-generator.com/wp-content/plugins/accordion-blocks/js/accordion-blocks.min42ba.js]
[www.the-qrcode-generator.com/wp-content/plugins/accordion-blocks/build/index0fb2.css]
[www.the-qrcode-generator.com/custom-qr-codecef0.html]
[www.the-qrcode-generator.com/dynamic-qr-codecef0.html]
[www.the-qrcode-generator.com/scancef0.html]
[www.the-qrcode-generator.com/pricing7130.html]
[www.the-qrcode-generator.com/whats-a-qr-codecef0.html]
[www.the-qrcode-generator.com/pricing60b8.html]
[www.the-qrcode-generator.com/privacycef0.html]
[www.the-qrcode-generator.com/termscef0.html]
[www.the-qrcode-generator.com/imprintcef0.html]
[www.the-qrcode-generator.com/indexcef0.html]
[www.the-qrcode-generator.com/wp-content/plugins/accordion-blocks/js/accordion-blocks.min0fb2.js]
[www.the-qrcode-generator.com/wp-content/plugins/accordion-blocks/build/indexcace.css]
[www.the-qrcode-generator.com/custom-qr-code19cf.html]
[www.the-qrcode-generator.com/dynamic-qr-code19cf.html]
[www.the-qrcode-generator.com/scan19cf.html]
[www.the-qrcode-generator.com/pricingec91.html]
[www.the-qrcode-generator.com/whats-a-qr-code19cf.html]
[www.the-qrcode-generator.com/pricing6263.html]
[www.the-qrcode-generator.com/privacy19cf.html]
[www.the-qrcode-generator.com/terms19cf.html]
[www.the-qrcode-generator.com/imprint19cf.html]
[www.the-qrcode-generator.com/index19cf.html]
[www.the-qrcode-generator.com/wp-content/plugins/accordion-blocks/js/accordion-blocks.mincace.js]
[www.the-qrcode-generator.com/wp-content/plugins/accordion-blocks/build/index4168.css]
[www.the-qrcode-generator.com/custom-qr-code07e7.html]
[www.the-qrcode-generator.com/dynamic-qr-code07e7.html]
[www.the-qrcode-generator.com/scan07e7.html]
[www.the-qrcode-generator.com/pricing6202.html]
[www.the-qrcode-generator.com/whats-a-qr-code07e7.html]
[www.the-qrcode-generator.com/pricingdb88.html]
[www.the-qrcode-generator.com/privacy07e7.html]
[www.the-qrcode-generator.com/terms07e7.html]
[www.the-qrcode-generator.com/imprint07e7.html]
[www.the-qrcode-generator.com/index07e7.html]
[www.the-qrcode-generator.com/wp-content/plugins/accordion-blocks/js/accordion-blocks.min4168.js]
[www.the-qrcode-generator.com/wp-content/plugins/accordion-blocks/build/index68d9.css]
[www.the-qrcode-generator.com/custom-qr-code0798.html]
[www.the-qrcode-generator.com/dynamic-qr-code0798.html]
[www.the-qrcode-generator.com/scan0798.html]
[www.the-qrcode-generator.com/pricingb740.html]
[www.the-qrcode-generator.com/whats-a-qr-code0798.html]
[www.the-qrcode-generator.com/pricing1859.html]
[www.the-qrcode-generator.com/privacy0798.html]
[www.the-qrcode-generator.com/terms0798.html]
[www.the-qrcode-generator.com/imprint0798.html]
[www.the-qrcode-generator.com/index0798.html]
[www.the-qrcode-generator.com/wp-content/plugins/accordion-blocks/js/accordion-blocks.min68d9.js]
[www.the-qrcode-generator.com/wp-content/plugins/accordion-blocks/build/indexae30.css]
[www.the-qrcode-generator.com/wp-json/wp/v2/posts/77.json]
[www.the-qrcode-generator.com/indexb135.html]
[www.the-qrcode-generator.com/wp-json/oembed/1.0/embed176d.json]
[www.the-qrcode-generator.com/wp-json/oembed/1.0/embed46e4]
[www.the-qrcode-generator.com/custom-qr-code6dc5.html]
[www.the-qrcode-generator.com/wp-content/themes/tqrcg/img/custom-qr-code/crayon.webp]
[www.the-qrcode-generator.com/wp-content/themes/tqrcg/img/custom-qr-code/pen.webp]
[www.the-qrcode-generator.com/wp-content/themes/tqrcg/img/custom-qr-code/scissor.webp]
[www.the-qrcode-generator.com/wp-content/themes/tqrcg/img/custom-qr-code/paint_pad.webp]
[www.the-qrcode-generator.com/wp-content/themes/tqrcg/img/custom-qr-code/scale.webp]
[www.the-qrcode-generator.com/wp-content/themes/tqrcg/img/custom-qr-code/hero-image.webp]
[www.the-qrcode-generator.com/wp-content/themes/tqrcg/img/custom-qr-code/arrow_down.webp]
[www.the-qrcode-generator.com/wp-content/themes/tqrcg/img/custom-qr-code/foldone_bg.webp]
[www.the-qrcode-generator.com/pricinga3f4.html]
[www.the-qrcode-generator.com/wp-content/themes/tqrcg/img/custom-qr-code/benefits-of-qr-codes-1-try.webp]
[www.the-qrcode-generator.com/wp-content/themes/tqrcg/img/custom-qr-code/benefits-of-qr-codes-2.webp]
[www.the-qrcode-generator.com/wp-content/themes/tqrcg/img/custom-qr-code/benefits-of-qr-codes-3.webp]
[www.the-qrcode-generator.com/wp-content/themes/tqrcg/img/custom-qr-code/analytics_bg.webp]
[cdnjs.cloudflare.com/ajax/libs/OwlCarousel2/2.3.4/owl.carousel.min.js]
[cdnjs.cloudflare.com/ajax/libs/OwlCarousel2/2.3.4/assets/owl.carousel.min.css]
[www.the-qrcode-generator.com/custom-qr-code.html]
[www.the-qrcode-generator.com/wp-content/plugins/accordion-blocks/js/accordion-blocks.minae30.js]
[www.the-qrcode-generator.com/wp-content/plugins/accordion-blocks/build/indexe8dc.css]
[www.the-qrcode-generator.com/wp-json/wp/v2/posts/78.json]
[www.the-qrcode-generator.com/wp-json/oembed/1.0/embeda648.json]
[www.the-qrcode-generator.com/index7896.html]
[www.the-qrcode-generator.com/wp-json/oembed/1.0/embedcab5]
[www.the-qrcode-generator.com/dynamic-qr-code6dc5.html]
[www.the-qrcode-generator.com/wp-content/themes/tqrcg/img/dynamic-qr-code/dynamic-hero-image.png]
[www.the-qrcode-generator.com/wp-content/themes/tqrcg/img/dynamic-qr-code/foldone_bg.webp]
[www.the-qrcode-generator.com/wp-content/themes/tqrcg/img/dynamic-qr-code/bg-gradient-foldone.svg]
[www.the-qrcode-generator.com/pricinge2ac.html]
[www.the-qrcode-generator.com/wp-content/themes/tqrcg/img/dynamic-qr-code/practices-of-qr-codes-1.webp]
[www.the-qrcode-generator.com/wp-content/themes/tqrcg/img/dynamic-qr-code/practices-of-qr-codes-2.webp]
[www.the-qrcode-generator.com/wp-content/themes/tqrcg/img/dynamic-qr-code/practices-of-qr-codes-3.webp]
[www.the-qrcode-generator.com/wp-content/themes/tqrcg/img/dynamic-qr-code/analytics_bg.webp]
[www.the-qrcode-generator.com/dynamic-qr-code.html]
[www.the-qrcode-generator.com/wp-content/plugins/accordion-blocks/js/accordion-blocks.mine8dc.js]
[www.the-qrcode-generator.com_443/assets/images/icon512.png]
[www.the-qrcode-generator.com_443/assets/images/icon192.png]
[www.the-qrcode-generator.com_443/assets/images/icon96.png]
[www.the-qrcode-generator.com_443/assets/images/icon48.png]
[www.the-qrcode-generator.com/custom-qr-code7bdf.html]
[www.the-qrcode-generator.com/index7bdf.html]
[www.the-qrcode-generator.com/dynamic-qr-code7bdf.html]
[www.the-qrcode-generator.com/whats-a-qr-code7bdf.html]
[www.the-qrcode-generator.com/pricing0240.html]
[www.the-qrcode-generator.com/privacy7bdf.html]
[www.the-qrcode-generator.com/terms7bdf.html]
[www.the-qrcode-generator.com/imprint7bdf.html]
[www.the-qrcode-generator.com_443/build-v1/manifest-F955EBC4.js]
[www.the-qrcode-generator.com_443/build-v1/entry.client-M7EXO2MB.js]
[www.the-qrcode-generator.com_443/build-v1/_shared/chunk-SFEDEVV3.js]
[www.the-qrcode-generator.com_443/build-v1/_shared/chunk-DBPZB4AC.js]
[www.the-qrcode-generator.com_443/build-v1/_shared/chunk-ICJA4P7Q.js]
[www.the-qrcode-generator.com_443/build-v1/_shared/chunk-2QJXMYOC.js]
[www.the-qrcode-generator.com_443/build-v1/_shared/chunk-Z3VA2LY4.js]
[www.the-qrcode-generator.com_443/build-v1/_shared/chunk-ZFNGFSOU.js]
[www.the-qrcode-generator.com_443/build-v1/_shared/chunk-IJ5OFGSP.js]
[www.the-qrcode-generator.com_443/build-v1/_shared/chunk-O4DIEXBJ.js]
[www.the-qrcode-generator.com_443/build-v1/_shared/chunk-MJITJCO4.js]
[www.the-qrcode-generator.com_443/build-v1/_shared/chunk-A32B3V4Q.js]
[www.the-qrcode-generator.com_443/build-v1/_shared/chunk-3WVYUIX5.js]
[www.the-qrcode-generator.com_443/build-v1/_shared/chunk-OSF4U7Z2.js]
[www.the-qrcode-generator.com_443/build-v1/_shared/chunk-AO4TCXUV.js]
[www.the-qrcode-generator.com_443/build-v1/_shared/chunk-CNA3NZ3W.js]
[www.the-qrcode-generator.com_443/build-v1/_shared/chunk-PVLFL3DT.js]
[www.the-qrcode-generator.com_443/build-v1/_shared/chunk-I2DXFNCQ.js]
[www.the-qrcode-generator.com_443/build-v1/_shared/chunk-A5Z7HMMQ.js]
[www.the-qrcode-generator.com_443/build-v1/_shared/chunk-5E2N743I.js]
[www.the-qrcode-generator.com_443/build-v1/_shared/chunk-765QR4H3.js]
[www.the-qrcode-generator.com_443/build-v1/_shared/chunk-2JKQ7TCQ.js]
[www.the-qrcode-generator.com_443/build-v1/_shared/chunk-DA65QX4D.js]
[www.the-qrcode-generator.com_443/build-v1/_shared/chunk-YRXIICRT.js]
[www.the-qrcode-generator.com_443/build-v1/_shared/chunk-MJTHADAC.js]
[www.the-qrcode-generator.com_443/build-v1/_shared/chunk-LGW2CJV4.js]
[www.the-qrcode-generator.com_443/build-v1/_shared/chunk-N64KLDO5.js]
[www.the-qrcode-generator.com_443/build-v1/_shared/chunk-C6G2CU7L.js]
[www.the-qrcode-generator.com_443/build-v1/_shared/chunk-Y24IREY5.js]
[www.the-qrcode-generator.com_443/build-v1/_shared/chunk-QJMSYJJA.js]
[www.the-qrcode-generator.com_443/build-v1/_shared/chunk-2MEEEI5U.js]
[www.the-qrcode-generator.com_443/build-v1/_shared/chunk-QZWERNVD.js]
[www.the-qrcode-generator.com_443/build-v1/_shared/chunk-O5OU2DG3.js]
[www.the-qrcode-generator.com_443/build-v1/_shared/chunk-42N3SZXA.js]
[www.the-qrcode-generator.com_443/build-v1/_shared/chunk-HKL5RIB6.js]
[www.the-qrcode-generator.com_443/build-v1/_shared/chunk-RXUVNNEA.js]
[www.the-qrcode-generator.com_443/build-v1/_shared/chunk-GRJPET6U.js]
[www.the-qrcode-generator.com_443/build-v1/_shared/chunk-UVELSN6V.js]
[www.the-qrcode-generator.com_443/build-v1/_shared/chunk-Q6MW2SQJ.js]
[www.the-qrcode-generator.com_443/build-v1/_shared/chunk-NYVSYKQZ.js]
[www.the-qrcode-generator.com_443/build-v1/_shared/chunk-FWO2EHQO.js]
[www.the-qrcode-generator.com_443/build-v1/_shared/chunk-4OBWRSE6.js]
[www.the-qrcode-generator.com_443/build-v1/_shared/chunk-B4VPT3ZU.js]
[www.the-qrcode-generator.com_443/build-v1/_shared/chunk-BY6JJPSD.js]
[www.the-qrcode-generator.com_443/build-v1/_shared/chunk-TSSS363U.js]
[www.the-qrcode-generator.com_443/build-v1/_shared/chunk-L2Q467JS.js]
[www.the-qrcode-generator.com_443/build-v1/_shared/chunk-4G34RVNA.js]
[www.the-qrcode-generator.com_443/build-v1/root-5REP5F3C.js]
[www.the-qrcode-generator.com_443/build-v1/_shared/chunk-33GXFLPR.js]
[www.the-qrcode-generator.com_443/build-v1/_shared/chunk-EXPI5T2H.js]
[www.the-qrcode-generator.com_443/build-v1/_shared/chunk-NLOXWVRM.js]
[www.the-qrcode-generator.com_443/build-v1/_shared/chunk-KSDHKFAK.js]
[www.the-qrcode-generator.com_443/build-v1/_shared/chunk-U7SXCCGG.js]
[www.the-qrcode-generator.com_443/build-v1/_shared/chunk-UW6DCBMO.js]
[www.the-qrcode-generator.com_443/build-v1/_shared/chunk-HZCT5NG4.js]
[www.the-qrcode-generator.com_443/build-v1/_shared/chunk-WB6P3DCD.js]
[www.the-qrcode-generator.com_443/build-v1/_shared/chunk-JU7SZQRR.js]
[www.the-qrcode-generator.com_443/build-v1/_shared/chunk-NUOTICC6.js]
[www.the-qrcode-generator.com_443/build-v1/_shared/chunk-JN6KKRJY.js]
[www.the-qrcode-generator.com_443/build-v1/_shared/chunk-IFQZM2H3.js]
[www.the-qrcode-generator.com_443/build-v1/_shared/chunk-H4OF2W6I.js]
[www.the-qrcode-generator.com_443/build-v1/_shared/chunk-LSZUGY7I.js]
[www.the-qrcode-generator.com_443/build-v1/routes/__static-JBRYBSAU.js]
[www.the-qrcode-generator.com_443/build-v1/_shared/chunk-RBQ5625Z.js]
[www.the-qrcode-generator.com_443/build-v1/_shared/chunk-ZO4DSU7Z.js]
[www.the-qrcode-generator.com_443/build-v1/_shared/chunk-BSDFPXKT.js]
[www.the-qrcode-generator.com_443/build-v1/_shared/chunk-THVOHJKS.js]
[www.the-qrcode-generator.com_443/build-v1/_shared/chunk-KZQTUMQK.js]
[www.the-qrcode-generator.com_443/build-v1/_shared/chunk-35H72VUH.js]
[www.the-qrcode-generator.com_443/build-v1/_shared/chunk-W74AIPQE.js]
[www.the-qrcode-generator.com_443/build-v1/_shared/chunk-CPFY2ZIW.js]
[www.the-qrcode-generator.com_443/build-v1/_shared/chunk-XAJVKBNI.js]
[www.the-qrcode-generator.com_443/build-v1/_shared/chunk-5RYE4WXV.js]
[www.the-qrcode-generator.com_443/build-v1/_shared/chunk-O2LIEPTK.js]
[www.the-qrcode-generator.com_443/build-v1/_shared/chunk-XN3KPUDQ.js]
[www.the-qrcode-generator.com_443/build-v1/_shared/chunk-5DLNXV6J.js]
[www.the-qrcode-generator.com_443/build-v1/_shared/chunk-MJXOUN2O.js]
[www.the-qrcode-generator.com_443/build-v1/_shared/chunk-RORPDZCS.js]
[www.the-qrcode-generator.com_443/build-v1/_shared/chunk-SIDJFH32.js]
[www.the-qrcode-generator.com_443/build-v1/_shared/chunk-6FHPDPAZ.js]
[www.the-qrcode-generator.com_443/build-v1/_shared/chunk-UV6LRO3Y.js]
[www.the-qrcode-generator.com_443/build-v1/_shared/chunk-GZDPU6WA.js]
[www.the-qrcode-generator.com/scan6dc5.html]
[www.the-qrcode-generator.com/wp-content/themes/tqrcg/img/Globe_icon.svg]
[www.the-qrcode-generator.com/wp-content/themes/tqrcg/img/arrow-up.svg]
[www.the-qrcode-generator.com_443/build-v1/routes/__static/scan-5K7CW6H7.js]
[www.the-qrcode-generator.com/wp-content/themes/tqrcg/new_widget/dist/assets/logos/premium-icon.svg]
[www.the-qrcode-generator.com/wp-content/themes/tqrcg/new_widget/dist/assets/css/qrcg-widget.css]
[www.the-qrcode-generator.com/wp-content/themes/tqrcg/img/stepper-curve.svg]
[www.the-qrcode-generator.com/pricing.html]
[www.the-qrcode-generator.com/pricing925c.html]
[www.the-qrcode-generator.com_443/build-v1/_shared/chunk-MGP44TNT.js]
[www.the-qrcode-generator.com_443/build-v1/_shared/chunk-GUOPH6RB.js]
[www.the-qrcode-generator.com_443/build-v1/_shared/chunk-H6BAU5HJ.js]
[www.the-qrcode-generator.com_443/build-v1/_shared/chunk-D3X2UIY2.js]
[www.the-qrcode-generator.com_443/build-v1/_shared/chunk-JXP3VU6N.js]
[www.the-qrcode-generator.com_443/build-v1/_shared/chunk-3K5FOYV4.js]
[www.the-qrcode-generator.com_443/build-v1/_shared/chunk-4RAZWHCZ.js]
[www.the-qrcode-generator.com_443/build-v1/_shared/chunk-XZNF3RUT.js]
[www.the-qrcode-generator.com_443/build-v1/_shared/chunk-USHW7EXI.js]
[www.the-qrcode-generator.com/pricing774d.html]
[www.the-qrcode-generator.com/wp-content/themes/tqrcg/img/homepage/green-gradient.svg]
[www.the-qrcode-generator.com/scan.html]
[www.the-qrcode-generator.com_443/build-v1/routes/__static/pricing-WPH3PVSX.js]
[www.the-qrcode-generator.com/wp-content/plugins/accordion-blocks/build/index3fba.css]
[www.the-qrcode-generator.com/wp-json/wp/v2/posts/76.json]
[www.the-qrcode-generator.com/wp-json/oembed/1.0/embeddcbd.json]
[www.the-qrcode-generator.com/index04cd.html]
[www.the-qrcode-generator.com/wp-json/oembed/1.0/embedd54c]
[www.the-qrcode-generator.com/imprint6dc5.html]
[www.the-qrcode-generator.com/imprint.html]
[www.the-qrcode-generator.com/wp-content/plugins/accordion-blocks/js/accordion-blocks.min3fba.js]
[www.the-qrcode-generator.com/wp-json/wp/v2/posts/75.json]
[www.the-qrcode-generator.com/wp-json/oembed/1.0/embedaca7.json]
[www.the-qrcode-generator.com/indexe839.html]
[www.the-qrcode-generator.com/wp-json/oembed/1.0/embed2314]
[www.the-qrcode-generator.com/terms.html]
[www.the-qrcode-generator.com/terms6dc5.html]
[www.the-qrcode-generator.com/wp-json/wp/v2/posts/74.json]
[www.the-qrcode-generator.com/index49a5.html]
[www.the-qrcode-generator.com/wp-json/oembed/1.0/embed532f.json]
[www.the-qrcode-generator.com/wp-json/oembed/1.0/embeddbf0]
[www.the-qrcode-generator.com/privacy.html]
[www.the-qrcode-generator.com/privacy6dc5.html]
[www.the-qrcode-generator.com/wp-content/plugins/accordion-blocks/build/index5cf1.css]
[www.the-qrcode-generator.com/wp-json/wp/v2/posts/70.json]
[www.the-qrcode-generator.com/wp-json/oembed/1.0/embede68e.json]
[www.the-qrcode-generator.com/index3f3a.html]
[www.the-qrcode-generator.com/wp-json/oembed/1.0/embed1565]
[www.the-qrcode-generator.com/whats-a-qr-code6dc5.html]
[www.the-qrcode-generator.com/whats-a-qr-code.html]
[www.the-qrcode-generator.com/wp-content/plugins/accordion-blocks/js/accordion-blocks.min5cf1.js]
[tqrcg.wpengine.com/wp-content/themes/tqrcg/style.css]
[tqrcg.wpengine.com/wp-content/themes/tqrcg/js/modernizr.js]
[tqrcg.wpengine.com/wp-content/themes/tqrcg/stylesheets/customf269.css]
[tqrcg.wpengine.com/wp-content/plugins/genesis-blocks/dist/style-blocks.build5239.css]
[tqrcg.wpengine.com/wp-includes/css/dist/block-library/style.minadc6.css]
[tqrcg.wpengine.com/wp-content/plugins/accordion-blocks/build/index91ce.css]
[tqrcg.wpengine.com/wp-includes/js/jquery/jquery.minf43b.js]
[tqrcg.wpengine.com/wp-includes/js/jquery/jquery-migrate.min5589.js]
[tqrcg.wpengine.com/wp-content/uploads/2024/07/cropped-tqrcg-32x32.png]
[tqrcg.wpengine.com/wp-content/uploads/2024/07/cropped-tqrcg-192x192.png]
[www.the-qrcode-generator.com/blog/wp-json/index.html]
[tqrcg.wpengine.com/wp-content/uploads/2024/07/cropped-tqrcg-180x180.png]
[tqrcg.wpengine.com/wp-content/themes/tqrcg/img/header/polo-logo-v1.png]
[www.the-qrcode-generator.com/blog/basics/static-vs-dynamic-qr-code-difference.html]
[www.the-qrcode-generator.com/blog/how-tos/how-to-create-qr-code-for-youtube.html]
[www.the-qrcode-generator.com/pricing857f.html]
[tqrcg.wpengine.com/wp-content/themes/tqrcg/stylesheets/font-awesome.css]
[tqrcg.wpengine.com/wp-content/themes/tqrcg/js/foundation.min.js]
[tqrcg.wpengine.com/wp-content/plugins/accordion-blocks/js/accordion-blocks.min91ce.js]
[tqrcg.wpengine.com/wp-content/plugins/genesis-blocks/dist/assets/js/dismiss5239.js]
[www.the-qrcode-generator.com/blog/document.1ab.delayed]
[use.fontawesome.com/releases/v5.15.2/css/all.css]
[widget.privy.com/assets/widget.js]
[translate.google.com/translate_a/elementa0d8.js]
[www.the-qrcode-generator.com/blog/index.html]
[www.the-qrcode-generator.com/blog/buying-guide/the-ultimate-guide-to-choosing-the-best-qr-code-generator/feed]
[www.the-qrcode-generator.com/blog/wp-json/wp/v2/posts/13.json]
[www.the-qrcode-generator.com/blog/wp-json/oembed/1.0/embede10d.json]
[www.the-qrcode-generator.com/blog/wp-json/oembed/1.0/embed586f]
[tqrcg.wpengine.com/wp-content/uploads/2024/06/qr-code-generator-pro-1024x465.png]
[tqrcg.wpengine.com/wp-content/uploads/2024/06/qr-tiger.png]
[tqrcg.wpengine.com/wp-content/uploads/2024/06/qr-monkey-1024x734.png]
[tqrcg.wpengine.com/wp-content/uploads/2024/06/uniqode-1024x445.png]
[tqrcg.wpengine.com/wp-content/uploads/2024/06/flowcode-1024x448.png]
[www.the-qrcode-generator.com/blog/buying-guide/document.1ba.delayed]
[www.the-qrcode-generator.com/blog/buying-guide/the-ultimate-guide-to-choosing-the-best-qr-code-generator.html]
[www.the-qrcode-generator.com/pricingbb37.html]
[www.the-qrcode-generator.com/wp-content/themes/tqrcg/img/footer/facebook.svg]
[www.the-qrcode-generator.com/wp-content/themes/tqrcg/img/footer/twitter.svg]
[www.the-qrcode-generator.com/wp-content/themes/tqrcg/img/footer/youtube.svg]
[www.the-qrcode-generator.com/wp-content/themes/tqrcg/img/footer/linkedin.svg]
[www.the-qrcode-generator.com/pricing8f0b.html]
[www.the-qrcode-generator.com/wp-content/themes/tqrcg/fonts/fontawesome-webfont862f.eot]
[www.the-qrcode-generator.com/wp-content/themes/tqrcg/fonts/fontawesome-webfontd41d.eot]
[www.the-qrcode-generator.com/wp-content/themes/tqrcg/fonts/fontawesome-webfont862f.woff]
[www.the-qrcode-generator.com/wp-content/themes/tqrcg/fonts/fontawesome-webfont862f.ttf]
[www.the-qrcode-generator.com/wp-content/themes/tqrcg/stylesheets/font-awesome.css]
[www.uniqode.com/blog/wp-content/themes/tqrcg/cta/cbd-post-sidebar-top-bg-lg.html]
[www.uniqode.com/blog/wp-content/themes/tqrcg/cta/cbd-post-sidebar-top-bg-sm.html]
[www.the-qrcode-generator.com/wp-content/themes/tqrcg/img/plus-icon.svg]
[www.the-qrcode-generator.com/wp-content/plugins/accordion-blocks/build/indexd472.css]
[www.the-qrcode-generator.com/wp-content/plugins/accordion-blocks/build/index4147.css]
[www.the-qrcode-generator.com/wp-content/themes/tqrcg/fonts/fontawesome-webfont862f.svg]
[www.the-qrcode-generator.com/wp-content/plugins/accordion-blocks/build/index6969.css]
[www.the-qrcode-generator.com/pricing75f1.html]
[www.the-qrcode-generator.com/custom-qr-code0717.html]
[www.the-qrcode-generator.com/wp-content/plugins/accordion-blocks/js/accordion-blocks.min6969.js]
[www.the-qrcode-generator.com/wp-content/plugins/accordion-blocks/build/indexaa47.css]
[www.the-qrcode-generator.com/pricingc775.html]
[www.the-qrcode-generator.com/dynamic-qr-code0717.html]
[www.the-qrcode-generator.com/scan0717.html]
[www.the-qrcode-generator.com/pricingd9e2.html]
[www.the-qrcode-generator.com/wp-content/plugins/accordion-blocks/js/accordion-blocks.minaa47.js]
[www.the-qrcode-generator.com/wp-content/plugins/accordion-blocks/build/indexbafd.css]
[www.the-qrcode-generator.com/whats-a-qr-code0717.html]
[www.the-qrcode-generator.com/pricing7c12.html]
[www.the-qrcode-generator.com/wp-content/plugins/accordion-blocks/js/accordion-blocks.minbafd.js]
[www.the-qrcode-generator.com/wp-content/plugins/accordion-blocks/build/index6cff.css]
[www.the-qrcode-generator.com/privacy0717.html]
[www.the-qrcode-generator.com/wp-content/plugins/accordion-blocks/js/accordion-blocks.min6cff.js]
[www.the-qrcode-generator.com/wp-content/plugins/accordion-blocks/build/index9582.css]
[www.the-qrcode-generator.com/terms0717.html]
[www.the-qrcode-generator.com/wp-content/plugins/accordion-blocks/js/accordion-blocks.min9582.js]
[www.the-qrcode-generator.com/wp-content/plugins/accordion-blocks/build/index35a7.css]
[www.the-qrcode-generator.com/imprint0717.html]
[www.the-qrcode-generator.com/wp-content/plugins/accordion-blocks/build/index7f2a.css]
[www.the-qrcode-generator.com/wp-content/plugins/accordion-blocks/js/accordion-blocks.min35a7.js]
[www.the-qrcode-generator.com/wp-content/plugins/accordion-blocks/build/indexe6b4.css]
[www.the-qrcode-generator.com/pricing2681.html]
[www.the-qrcode-generator.com/custom-qr-codeb64c.html]
[www.the-qrcode-generator.com/wp-content/plugins/accordion-blocks/js/accordion-blocks.mine6b4.js]
[www.the-qrcode-generator.com/wp-content/plugins/accordion-blocks/build/indexac2f.css]
[www.the-qrcode-generator.com/pricingf15d.html]
[www.the-qrcode-generator.com/dynamic-qr-codeb64c.html]
[www.the-qrcode-generator.com/scanb64c.html]
[www.the-qrcode-generator.com/pricing2002.html]
[www.the-qrcode-generator.com/wp-content/plugins/accordion-blocks/js/accordion-blocks.minac2f.js]
[www.the-qrcode-generator.com/wp-content/plugins/accordion-blocks/build/index0bfa.css]
[www.the-qrcode-generator.com/whats-a-qr-codeb64c.html]
[www.the-qrcode-generator.com/pricinga205.html]
[www.the-qrcode-generator.com/wp-content/plugins/accordion-blocks/js/accordion-blocks.min0bfa.js]
[www.the-qrcode-generator.com/wp-content/plugins/accordion-blocks/build/indexc896.css]
[www.the-qrcode-generator.com/privacyb64c.html]
[www.the-qrcode-generator.com/wp-content/plugins/accordion-blocks/js/accordion-blocks.minc896.js]
[www.the-qrcode-generator.com/wp-content/plugins/accordion-blocks/build/index7d4b.css]
[www.the-qrcode-generator.com/termsb64c.html]
[www.the-qrcode-generator.com/wp-content/plugins/accordion-blocks/js/accordion-blocks.min7d4b.js]
[www.the-qrcode-generator.com/wp-content/plugins/accordion-blocks/build/index8403.css]
[www.the-qrcode-generator.com/imprintb64c.html]
[www.the-qrcode-generator.com/wp-content/plugins/accordion-blocks/build/index42ba.css]
[www.the-qrcode-generator.com/wp-content/plugins/accordion-blocks/js/accordion-blocks.min8403.js]
[www.the-qrcode-generator.com/wp-content/plugins/accordion-blocks/build/index7166.css]
[www.the-qrcode-generator.com/pricing371d.html]
[www.the-qrcode-generator.com/custom-qr-codea154.html]
[www.the-qrcode-generator.com/wp-content/plugins/accordion-blocks/js/accordion-blocks.min7166.js]
[www.the-qrcode-generator.com/dynamic-qr-codea154.html]
[www.the-qrcode-generator.com/scana154.html]
[www.the-qrcode-generator.com/pricing26ce.html]
[www.the-qrcode-generator.com/pricing5b55.html]
[www.the-qrcode-generator.com/wp-content/plugins/accordion-blocks/build/indexd734.css]
[www.the-qrcode-generator.com/whats-a-qr-codea154.html]
[www.the-qrcode-generator.com/pricing653d.html]
[www.the-qrcode-generator.com/wp-content/plugins/accordion-blocks/js/accordion-blocks.mind734.js]
[www.the-qrcode-generator.com/wp-content/plugins/accordion-blocks/build/index684d.css]
[www.the-qrcode-generator.com/privacya154.html]
[www.the-qrcode-generator.com/wp-content/plugins/accordion-blocks/js/accordion-blocks.min684d.js]
[www.the-qrcode-generator.com/wp-content/plugins/accordion-blocks/build/indexc195.css]
[www.the-qrcode-generator.com/termsa154.html]
[www.the-qrcode-generator.com/wp-content/plugins/accordion-blocks/js/accordion-blocks.minc195.js]
[www.the-qrcode-generator.com/wp-content/plugins/accordion-blocks/build/index0ce8.css]
[www.the-qrcode-generator.com/imprinta154.html]
[www.the-qrcode-generator.com/wp-content/plugins/accordion-blocks/build/index0fb2.css]
[www.the-qrcode-generator.com/wp-content/plugins/accordion-blocks/js/accordion-blocks.min0ce8.js]
[www.the-qrcode-generator.com/wp-content/plugins/accordion-blocks/build/index58bc.css]
[www.the-qrcode-generator.com/pricinga507.html]
[www.the-qrcode-generator.com/custom-qr-codecef0.html]
[www.the-qrcode-generator.com/wp-content/plugins/accordion-blocks/js/accordion-blocks.min58bc.js]
[www.the-qrcode-generator.com/wp-content/plugins/accordion-blocks/build/indexb4cf.css]
[www.the-qrcode-generator.com/pricing01cb.html]
[www.the-qrcode-generator.com/dynamic-qr-codecef0.html]
[www.the-qrcode-generator.com/scancef0.html]
[www.the-qrcode-generator.com/pricing7130.html]
[www.the-qrcode-generator.com/wp-content/plugins/accordion-blocks/js/accordion-blocks.minb4cf.js]
[www.the-qrcode-generator.com/wp-content/plugins/accordion-blocks/build/index143d.css]
[www.the-qrcode-generator.com/whats-a-qr-codecef0.html]
[www.the-qrcode-generator.com/pricing60b8.html]
[www.the-qrcode-generator.com/wp-content/plugins/accordion-blocks/js/accordion-blocks.min143d.js]
[www.the-qrcode-generator.com/wp-content/plugins/accordion-blocks/build/index1b38.css]
[www.the-qrcode-generator.com/privacycef0.html]
[www.the-qrcode-generator.com/wp-content/plugins/accordion-blocks/js/accordion-blocks.min1b38.js]
[www.the-qrcode-generator.com/wp-content/plugins/accordion-blocks/build/index73ec.css]
[www.the-qrcode-generator.com/termscef0.html]
[www.the-qrcode-generator.com/wp-content/plugins/accordion-blocks/js/accordion-blocks.min73ec.js]
[www.the-qrcode-generator.com/wp-content/plugins/accordion-blocks/build/indexb99f.css]
[www.the-qrcode-generator.com/imprintcef0.html]
[www.the-qrcode-generator.com/wp-content/plugins/accordion-blocks/build/indexcace.css]
[www.the-qrcode-generator.com/wp-content/plugins/accordion-blocks/js/accordion-blocks.minb99f.js]
[www.the-qrcode-generator.com/wp-content/plugins/accordion-blocks/build/index2789.css]
[www.the-qrcode-generator.com/pricing0857.html]
[www.the-qrcode-generator.com/custom-qr-code19cf.html]
[www.the-qrcode-generator.com/wp-content/plugins/accordion-blocks/js/accordion-blocks.min2789.js]
[www.the-qrcode-generator.com/wp-content/plugins/accordion-blocks/build/index517f.css]
[www.the-qrcode-generator.com/pricing03e1.html]
[www.the-qrcode-generator.com/dynamic-qr-code19cf.html]
[www.the-qrcode-generator.com/scan19cf.html]
[www.the-qrcode-generator.com/pricingec91.html]
[www.the-qrcode-generator.com/wp-content/plugins/accordion-blocks/js/accordion-blocks.min517f.js]
[www.the-qrcode-generator.com/wp-content/plugins/accordion-blocks/build/indexb851.css]
[www.the-qrcode-generator.com/whats-a-qr-code19cf.html]
[www.the-qrcode-generator.com/pricing6263.html]
[www.the-qrcode-generator.com/wp-content/plugins/accordion-blocks/js/accordion-blocks.minb851.js]
[www.the-qrcode-generator.com/wp-content/plugins/accordion-blocks/build/index7af7.css]
[www.the-qrcode-generator.com/privacy19cf.html]
[www.the-qrcode-generator.com/wp-content/plugins/accordion-blocks/js/accordion-blocks.min7af7.js]
[www.the-qrcode-generator.com/wp-content/plugins/accordion-blocks/build/index56c6.css]
[www.the-qrcode-generator.com/terms19cf.html]
[www.the-qrcode-generator.com/wp-content/plugins/accordion-blocks/js/accordion-blocks.min56c6.js]
[www.the-qrcode-generator.com/wp-content/plugins/accordion-blocks/build/indexb57a.css]
[www.the-qrcode-generator.com/imprint19cf.html]
[www.the-qrcode-generator.com/wp-content/plugins/accordion-blocks/build/index4168.css]
[www.the-qrcode-generator.com/wp-content/plugins/accordion-blocks/js/accordion-blocks.minb57a.js]
[www.the-qrcode-generator.com/wp-content/plugins/accordion-blocks/build/index37d2.css]
[www.the-qrcode-generator.com/pricing5f66.html]
[www.the-qrcode-generator.com/custom-qr-code07e7.html]
[www.the-qrcode-generator.com/wp-content/plugins/accordion-blocks/js/accordion-blocks.min37d2.js]
[www.the-qrcode-generator.com/wp-content/plugins/accordion-blocks/build/index6f5d.css]
[www.the-qrcode-generator.com/pricing410a.html]
[www.the-qrcode-generator.com/dynamic-qr-code07e7.html]
[www.the-qrcode-generator.com/scan07e7.html]
[www.the-qrcode-generator.com/pricing6202.html]
[www.the-qrcode-generator.com/wp-content/plugins/accordion-blocks/js/accordion-blocks.min6f5d.js]
[www.the-qrcode-generator.com/wp-content/plugins/accordion-blocks/build/indexef0f.css]
[www.the-qrcode-generator.com/whats-a-qr-code07e7.html]
[www.the-qrcode-generator.com/pricingdb88.html]
[www.the-qrcode-generator.com/wp-content/plugins/accordion-blocks/js/accordion-blocks.minef0f.js]
[www.the-qrcode-generator.com/wp-content/plugins/accordion-blocks/build/indexa7fc.css]
[www.the-qrcode-generator.com/privacy07e7.html]
[www.the-qrcode-generator.com/wp-content/plugins/accordion-blocks/js/accordion-blocks.mina7fc.js]
[www.the-qrcode-generator.com/wp-content/plugins/accordion-blocks/build/indexac1e.css]
[www.the-qrcode-generator.com/terms07e7.html]
[www.the-qrcode-generator.com/wp-content/plugins/accordion-blocks/js/accordion-blocks.minac1e.js]
[www.the-qrcode-generator.com/wp-content/plugins/accordion-blocks/build/index16a9.css]
[www.the-qrcode-generator.com/imprint07e7.html]
[www.the-qrcode-generator.com/wp-content/plugins/accordion-blocks/build/index68d9.css]
[www.the-qrcode-generator.com/wp-content/plugins/accordion-blocks/js/accordion-blocks.min16a9.js]
[www.the-qrcode-generator.com/wp-content/plugins/accordion-blocks/build/indexf70a.css]
[www.the-qrcode-generator.com/pricing831b.html]
[www.the-qrcode-generator.com/custom-qr-code0798.html]
[www.the-qrcode-generator.com/wp-content/plugins/accordion-blocks/js/accordion-blocks.minf70a.js]
[www.the-qrcode-generator.com/wp-content/plugins/accordion-blocks/build/index144f.css]
[www.the-qrcode-generator.com/pricingec43.html]
[www.the-qrcode-generator.com/dynamic-qr-code0798.html]
[www.the-qrcode-generator.com/scan0798.html]
[www.the-qrcode-generator.com/pricingb740.html]
[www.the-qrcode-generator.com/wp-content/plugins/accordion-blocks/js/accordion-blocks.min144f.js]
[www.the-qrcode-generator.com/wp-content/plugins/accordion-blocks/build/index0041.css]
[www.the-qrcode-generator.com/whats-a-qr-code0798.html]
[www.the-qrcode-generator.com/pricing1859.html]
[www.the-qrcode-generator.com/wp-content/plugins/accordion-blocks/js/accordion-blocks.min0041.js]
[www.the-qrcode-generator.com/wp-content/plugins/accordion-blocks/build/index1ca5.css]
[www.the-qrcode-generator.com/privacy0798.html]
[www.the-qrcode-generator.com/wp-content/plugins/accordion-blocks/js/accordion-blocks.min1ca5.js]
[www.the-qrcode-generator.com/wp-content/plugins/accordion-blocks/build/index78aa.css]
[www.the-qrcode-generator.com/terms0798.html]
[www.the-qrcode-generator.com/wp-content/plugins/accordion-blocks/js/accordion-blocks.min78aa.js]
[www.the-qrcode-generator.com/wp-content/plugins/accordion-blocks/build/indexc4f7.css]
[www.the-qrcode-generator.com/imprint0798.html]
[www.the-qrcode-generator.com/wp-content/plugins/accordion-blocks/build/indexae30.css]
[www.the-qrcode-generator.com/wp-content/plugins/accordion-blocks/js/accordion-blocks.minc4f7.js]
[www.the-qrcode-generator.com/wp-content/plugins/accordion-blocks/build/indexba65.css]
[www.the-qrcode-generator.com/wp-content/plugins/accordion-blocks/js/accordion-blocks.minba65.js]
[www.the-qrcode-generator.com/indexb135.html]
[www.the-qrcode-generator.com/indexe6ca.html]
[www.the-qrcode-generator.com/index0383.html]
[www.the-qrcode-generator.com/index74f5.html]
[www.the-qrcode-generator.com/index4cae.html]
[www.the-qrcode-generator.com/indexbfb6.html]
[www.the-qrcode-generator.com/indexc125.html]
[www.the-qrcode-generator.com/wp-content/plugins/accordion-blocks/build/index0165.css]
[www.the-qrcode-generator.com/index992e.html]
[www.the-qrcode-generator.com/indexde10.html]
[www.the-qrcode-generator.com/custom-qr-code6dc5.html]
[www.the-qrcode-generator.com/wp-content/plugins/accordion-blocks/js/accordion-blocks.min0165.js]
[www.the-qrcode-generator.com/pricinga3f4.html]
[www.the-qrcode-generator.com/pricing33c0.html]
[cdnjs.cloudflare.com/ajax/libs/OwlCarousel2/2.3.4/assets/owl.video.play.png]
[cdnjs.cloudflare.com/ajax/libs/OwlCarousel2/2.3.4/assets/owl.carousel.min.css]
[www.the-qrcode-generator.com/wp-content/plugins/accordion-blocks/build/indexe8dc.css]
[www.the-qrcode-generator.com/wp-content/plugins/accordion-blocks/build/indexae53.css]
[www.the-qrcode-generator.com/index5ae8.html]
[www.the-qrcode-generator.com/index2ebc.html]
[www.the-qrcode-generator.com/wp-content/plugins/accordion-blocks/js/accordion-blocks.minae53.js]
[www.the-qrcode-generator.com/index7896.html]
[www.the-qrcode-generator.com/indexe639.html]
[www.the-qrcode-generator.com/index7509.html]
[www.the-qrcode-generator.com/indexc82c.html]
[www.the-qrcode-generator.com/index247b.html]
[www.the-qrcode-generator.com/indexe151.html]
[www.the-qrcode-generator.com/index4675.html]
[www.the-qrcode-generator.com/wp-content/plugins/accordion-blocks/build/index7952.css]
[www.the-qrcode-generator.com/dynamic-qr-code6dc5.html]
[www.the-qrcode-generator.com/wp-content/themes/tqrcg/img/dynamic-qr-code/bg-gradient-foldone.svg]
[www.the-qrcode-generator.com/wp-content/plugins/accordion-blocks/js/accordion-blocks.min7952.js]
[www.the-qrcode-generator.com/pricinge2ac.html]
[www.the-qrcode-generator.com/pricingb739.html]
[www.the-qrcode-generator.com/wp-content/plugins/accordion-blocks/build/index7a16.css]
[www.the-qrcode-generator.com/scan7bdf.html]
[www.the-qrcode-generator.com/pricing86b0.html]
[www.the-qrcode-generator.com/pricing3cc2.html]
[www.the-qrcode-generator.com/index7bdf.html]
[www.the-qrcode-generator.com/wp-content/plugins/accordion-blocks/js/accordion-blocks.min7a16.js]
[www.the-qrcode-generator.com/wp-content/plugins/accordion-blocks/build/index3719.css]
[www.the-qrcode-generator.com/pricinga32f.html]
[www.the-qrcode-generator.com/custom-qr-code7bdf.html]
[www.the-qrcode-generator.com/wp-content/plugins/accordion-blocks/js/accordion-blocks.min3719.js]
[www.the-qrcode-generator.com/wp-content/plugins/accordion-blocks/build/indexefc5.css]
[www.the-qrcode-generator.com/pricing70b2.html]
[www.the-qrcode-generator.com/dynamic-qr-code7bdf.html]
[www.the-qrcode-generator.com/wp-content/plugins/accordion-blocks/js/accordion-blocks.minefc5.js]
[www.the-qrcode-generator.com/wp-content/plugins/accordion-blocks/build/index4517.css]
[www.the-qrcode-generator.com/whats-a-qr-code7bdf.html]
[www.the-qrcode-generator.com/wp-content/plugins/accordion-blocks/js/accordion-blocks.min4517.js]
[www.the-qrcode-generator.com/pricing153a.html]
[www.the-qrcode-generator.com/pricing0a7b.html]
[www.the-qrcode-generator.com/pricing3cb5.html]
[www.the-qrcode-generator.com/pricing6b46.html]
[www.the-qrcode-generator.com/pricing0b1f.html]
[www.the-qrcode-generator.com/pricingbce6.html]
[www.the-qrcode-generator.com/pricing0240.html]
[www.the-qrcode-generator.com/pricingc9fb.html]
[www.the-qrcode-generator.com/wp-content/plugins/accordion-blocks/build/indexee74.css]
[www.the-qrcode-generator.com/privacy7bdf.html]
[www.the-qrcode-generator.com/wp-content/plugins/accordion-blocks/js/accordion-blocks.minee74.js]
[www.the-qrcode-generator.com/wp-content/plugins/accordion-blocks/build/index651b.css]
[www.the-qrcode-generator.com/terms7bdf.html]
[www.the-qrcode-generator.com/wp-content/plugins/accordion-blocks/js/accordion-blocks.min651b.js]
[www.the-qrcode-generator.com/wp-content/plugins/accordion-blocks/build/index38cf.css]
[www.the-qrcode-generator.com/imprint7bdf.html]
[www.the-qrcode-generator.com/wp-content/themes/tqrcg/new_widget/dist/assets/logos/premium-icon.svg]
[www.the-qrcode-generator.com/wp-content/themes/tqrcg/new_widget/dist/assets/logos/arrow-up.svg]
[www.the-qrcode-generator.com/wp-content/plugins/accordion-blocks/js/accordion-blocks.min38cf.js]
[www.the-qrcode-generator.com/pricing0717.html]
[www.the-qrcode-generator.com/pricinga154.html]
[www.the-qrcode-generator.com/pricingb64c.html]
[www.the-qrcode-generator.com/pricingcef0.html]
[www.the-qrcode-generator.com/pricing07e7.html]
[www.the-qrcode-generator.com/pricing19cf.html]
[www.the-qrcode-generator.com/pricing.html]
[www.the-qrcode-generator.com/pricing925c.html]
[www.the-qrcode-generator.com/wp-content/plugins/accordion-blocks/build/index3fba.css]
[www.the-qrcode-generator.com/pricing0798.html]
[www.the-qrcode-generator.com/wp-content/plugins/accordion-blocks/build/indexeddf.css]
[www.the-qrcode-generator.com/wp-content/plugins/accordion-blocks/js/accordion-blocks.mineddf.js]
[www.the-qrcode-generator.com/index04cd.html]
[www.the-qrcode-generator.com/index67a2.html]
[www.the-qrcode-generator.com/indexf5c5.html]
[www.the-qrcode-generator.com/index631b.html]
[www.the-qrcode-generator.com/indexa28b.html]
[www.the-qrcode-generator.com/indexc7a6.html]
[www.the-qrcode-generator.com/index7b86.html]
[www.the-qrcode-generator.com/wp-content/plugins/accordion-blocks/build/indexb28d.css]
[www.the-qrcode-generator.com/indexe156.html]
[www.the-qrcode-generator.com/indexe1e4.html]
[www.the-qrcode-generator.com/imprint6dc5.html]
[www.the-qrcode-generator.com/wp-content/plugins/accordion-blocks/js/accordion-blocks.minb28d.js]
[www.the-qrcode-generator.com/wp-content/plugins/accordion-blocks/build/indexd8ff.css]
[www.the-qrcode-generator.com/wp-content/plugins/accordion-blocks/js/accordion-blocks.mind8ff.js]
[www.the-qrcode-generator.com/indexe839.html]
[www.the-qrcode-generator.com/index8b87.html]
[www.the-qrcode-generator.com/indexdd85.html]
[www.the-qrcode-generator.com/index33af.html]
[www.the-qrcode-generator.com/terms6dc5.html]
[www.the-qrcode-generator.com/index0039.html]
[www.the-qrcode-generator.com/index3c92.html]
[www.the-qrcode-generator.com/index4e39.html]
[www.the-qrcode-generator.com/indexf410.html]
[www.the-qrcode-generator.com/index8e08.html]
[www.the-qrcode-generator.com/wp-content/plugins/accordion-blocks/build/index552f.css]
[www.the-qrcode-generator.com/wp-content/plugins/accordion-blocks/js/accordion-blocks.min552f.js]
[www.the-qrcode-generator.com/index49a5.html]
[www.the-qrcode-generator.com/indexd7eb.html]
[www.the-qrcode-generator.com/index3ec8.html]
[www.the-qrcode-generator.com/index5ea2.html]
[www.the-qrcode-generator.com/index9cee.html]
[www.the-qrcode-generator.com/index2155.html]
[www.the-qrcode-generator.com/wp-content/plugins/accordion-blocks/build/index852d.css]
[www.the-qrcode-generator.com/index2abc.html]
[www.the-qrcode-generator.com/index3ae0.html]
[www.the-qrcode-generator.com/indexfadb.html]
[www.the-qrcode-generator.com/privacy6dc5.html]
[www.the-qrcode-generator.com/wp-content/plugins/accordion-blocks/build/index5cf1.css]
[www.the-qrcode-generator.com/wp-content/plugins/accordion-blocks/js/accordion-blocks.min852d.js]
[www.the-qrcode-generator.com/wp-content/plugins/accordion-blocks/build/indexd341.css]
[www.the-qrcode-generator.com/index2963.html]
[www.the-qrcode-generator.com/wp-content/plugins/accordion-blocks/js/accordion-blocks.mind341.js]
[www.the-qrcode-generator.com/index3f3a.html]
[www.the-qrcode-generator.com/index2069.html]
[www.the-qrcode-generator.com/indexa4bd.html]
[www.the-qrcode-generator.com/indexbf0d.html]
[www.the-qrcode-generator.com/index6f6e.html]
[www.the-qrcode-generator.com/index5c6a.html]
[www.the-qrcode-generator.com/index21cb.html]
[www.the-qrcode-generator.com/index0965.html]
[www.the-qrcode-generator.com/wp-content/plugins/accordion-blocks/build/index64bf.css]
[www.the-qrcode-generator.com/whats-a-qr-code6dc5.html]
[tqrcg.wpengine.com/wp-content/themes/tqrcg/style.css]
[tqrcg.wpengine.com/wp-content/themes/tqrcg/stylesheets/customf269.css]
[tqrcg.wpengine.com/wp-content/plugins/genesis-blocks/dist/style-blocks.build5239.css]
[tqrcg.wpengine.com/wp-includes/css/dist/block-library/style.minadc6.css]
[tqrcg.wpengine.com/wp-content/plugins/accordion-blocks/build/index91ce.css]
[www.the-qrcode-generator.com/wp-content/plugins/accordion-blocks/js/accordion-blocks.min64bf.js]
[www.the-qrcode-generator.com/blog/wp-json/wp/v2/posts/123.json]
[www.the-qrcode-generator.com/blog/wp-json/oembed/1.0/embed87cc.json]
[www.the-qrcode-generator.com/blog/wp-json/oembed/1.0/embed9e2a]
[www.the-qrcode-generator.com/pricing9a91.html]
[www.the-qrcode-generator.com/blog/basics/document.2c5.delayed]
[www.the-qrcode-generator.com/blog/basics/static-vs-dynamic-qr-code-difference.html]
[www.the-qrcode-generator.com/blog/wp-json/wp/v2/posts/70.json]
[www.the-qrcode-generator.com/blog/wp-json/oembed/1.0/embedd08a.json]
[www.the-qrcode-generator.com/blog/wp-json/oembed/1.0/embed0ea4]
[www.the-qrcode-generator.com/blog/how-tos/document.2c9.delayed]
[www.the-qrcode-generator.com/blog/how-tos/how-to-create-qr-code-for-youtube.html]
[www.the-qrcode-generator.com/pricing857f.html]
[tqrcg.wpengine.com/wp-content/themes/tqrcg/stylesheets/font-awesome.css]
[www.the-qrcode-generator.com/blog/document.html]
[use.fontawesome.com/releases/v5.15.2/css/all.css]
[www.the-qrcode-generator.com/blog/index2dc4.html]
[tqrcg.wpengine.com/wp-content/uploads/2024/06/tqrcg-1024x406.html]
[www.the-qrcode-generator.com/blog/buying-guide/document.html]
[www.the-qrcode-generator.com/pricing8f0b.html]
[www.the-qrcode-generator.com/wp-content/themes/tqrcg/fonts/fontawesome-webfont862f.svg]
[www.the-qrcode-generator.com/wp-content/plugins/accordion-blocks/build/index6969.css]
[www.the-qrcode-generator.com/pricing75f1.html]
[www.the-qrcode-generator.com/wp-content/plugins/accordion-blocks/build/indexaa47.css]
[www.the-qrcode-generator.com/pricingc775.html]
[www.the-qrcode-generator.com/wp-content/plugins/accordion-blocks/build/indexbafd.css]
[www.the-qrcode-generator.com/wp-content/plugins/accordion-blocks/build/index6cff.css]
[www.the-qrcode-generator.com/wp-content/plugins/accordion-blocks/build/index9582.css]
[www.the-qrcode-generator.com/wp-content/plugins/accordion-blocks/build/index35a7.css]
[www.the-qrcode-generator.com/wp-content/plugins/accordion-blocks/build/indexe6b4.css]
[www.the-qrcode-generator.com/pricing2681.html]
[www.the-qrcode-generator.com/wp-content/plugins/accordion-blocks/build/indexac2f.css]
[www.the-qrcode-generator.com/pricingf15d.html]
[www.the-qrcode-generator.com/wp-content/plugins/accordion-blocks/build/index0bfa.css]
[www.the-qrcode-generator.com/wp-content/plugins/accordion-blocks/build/indexc896.css]
[www.the-qrcode-generator.com/wp-content/plugins/accordion-blocks/build/index7d4b.css]
[www.the-qrcode-generator.com/wp-content/plugins/accordion-blocks/build/index8403.css]
[www.the-qrcode-generator.com/wp-content/plugins/accordion-blocks/build/index7166.css]
[www.the-qrcode-generator.com/pricing371d.html]
[www.the-qrcode-generator.com/pricing5b55.html]
[www.the-qrcode-generator.com/wp-content/plugins/accordion-blocks/build/indexd734.css]
[www.the-qrcode-generator.com/wp-content/plugins/accordion-blocks/build/index684d.css]
[www.the-qrcode-generator.com/wp-content/plugins/accordion-blocks/build/indexc195.css]
[www.the-qrcode-generator.com/wp-content/plugins/accordion-blocks/build/index0ce8.css]
[www.the-qrcode-generator.com/wp-content/plugins/accordion-blocks/build/index58bc.css]
[www.the-qrcode-generator.com/pricinga507.html]
[www.the-qrcode-generator.com/wp-content/plugins/accordion-blocks/build/indexb4cf.css]
[www.the-qrcode-generator.com/pricing01cb.html]
[www.the-qrcode-generator.com/wp-content/plugins/accordion-blocks/build/index143d.css]
[www.the-qrcode-generator.com/wp-content/plugins/accordion-blocks/build/index1b38.css]
[www.the-qrcode-generator.com/wp-content/plugins/accordion-blocks/build/index73ec.css]
[www.the-qrcode-generator.com/wp-content/plugins/accordion-blocks/build/indexb99f.css]
[www.the-qrcode-generator.com/wp-content/plugins/accordion-blocks/build/index2789.css]
[www.the-qrcode-generator.com/pricing0857.html]
[www.the-qrcode-generator.com/wp-content/plugins/accordion-blocks/build/index517f.css]
[www.the-qrcode-generator.com/pricing03e1.html]
[www.the-qrcode-generator.com/wp-content/plugins/accordion-blocks/build/indexb851.css]
[www.the-qrcode-generator.com/wp-content/plugins/accordion-blocks/build/index7af7.css]
[www.the-qrcode-generator.com/wp-content/plugins/accordion-blocks/build/index56c6.css]
[www.the-qrcode-generator.com/wp-content/plugins/accordion-blocks/build/indexb57a.css]
[www.the-qrcode-generator.com/wp-content/plugins/accordion-blocks/build/index37d2.css]
[www.the-qrcode-generator.com/pricing5f66.html]
[www.the-qrcode-generator.com/wp-content/plugins/accordion-blocks/build/index6f5d.css]
[www.the-qrcode-generator.com/pricing410a.html]
[www.the-qrcode-generator.com/wp-content/plugins/accordion-blocks/build/indexef0f.css]
[www.the-qrcode-generator.com/wp-content/plugins/accordion-blocks/build/indexa7fc.css]
[www.the-qrcode-generator.com/wp-content/plugins/accordion-blocks/build/indexac1e.css]
[www.the-qrcode-generator.com/wp-content/plugins/accordion-blocks/build/index16a9.css]
[www.the-qrcode-generator.com/wp-content/plugins/accordion-blocks/build/indexf70a.css]
[www.the-qrcode-generator.com/pricing831b.html]
[www.the-qrcode-generator.com/wp-content/plugins/accordion-blocks/build/index144f.css]
[www.the-qrcode-generator.com/pricingec43.html]
[www.the-qrcode-generator.com/wp-content/plugins/accordion-blocks/build/index0041.css]
[www.the-qrcode-generator.com/wp-content/plugins/accordion-blocks/build/index1ca5.css]
[www.the-qrcode-generator.com/wp-content/plugins/accordion-blocks/build/index78aa.css]
[www.the-qrcode-generator.com/wp-content/plugins/accordion-blocks/build/indexc4f7.css]
[www.the-qrcode-generator.com/wp-content/plugins/accordion-blocks/build/indexba65.css]
[www.the-qrcode-generator.com/wp-content/plugins/accordion-blocks/build/index746a.css]
[www.the-qrcode-generator.com/index74f5.html]
[www.the-qrcode-generator.com/index0383.html]
[www.the-qrcode-generator.com/indexe6ca.html]
[www.the-qrcode-generator.com/wp-content/plugins/accordion-blocks/js/accordion-blocks.min746a.js]
[www.the-qrcode-generator.com/wp-content/plugins/accordion-blocks/build/index2cd9.css]
[www.the-qrcode-generator.com/index4cae.html]
[www.the-qrcode-generator.com/wp-content/plugins/accordion-blocks/js/accordion-blocks.min2cd9.js]
[www.the-qrcode-generator.com/wp-content/plugins/accordion-blocks/build/indexb4cd.css]
[www.the-qrcode-generator.com/indexc125.html]
[www.the-qrcode-generator.com/indexbfb6.html]
[www.the-qrcode-generator.com/index992e.html]
[www.the-qrcode-generator.com/wp-content/plugins/accordion-blocks/js/accordion-blocks.minb4cd.js]
[www.the-qrcode-generator.com/wp-content/plugins/accordion-blocks/build/indexd6d1.css]
[www.the-qrcode-generator.com/indexde10.html]
[www.the-qrcode-generator.com/wp-content/plugins/accordion-blocks/build/index0165.css]
[www.the-qrcode-generator.com/pricing33c0.html]
[www.the-qrcode-generator.com/wp-content/plugins/accordion-blocks/build/indexae53.css]
[www.the-qrcode-generator.com/wp-content/plugins/accordion-blocks/js/accordion-blocks.mind6d1.js]
[www.the-qrcode-generator.com/wp-content/plugins/accordion-blocks/build/index9e77.css]
[www.the-qrcode-generator.com/index2ebc.html]
[www.the-qrcode-generator.com/wp-content/plugins/accordion-blocks/js/accordion-blocks.min9e77.js]
[www.the-qrcode-generator.com/wp-content/plugins/accordion-blocks/build/index448b.css]
[www.the-qrcode-generator.com/indexe639.html]
[www.the-qrcode-generator.com/index5ae8.html]
[www.the-qrcode-generator.com/index7509.html]
[www.the-qrcode-generator.com/wp-content/plugins/accordion-blocks/js/accordion-blocks.min448b.js]
[www.the-qrcode-generator.com/wp-content/plugins/accordion-blocks/build/index20e5.css]
[www.the-qrcode-generator.com/indexc82c.html]
[www.the-qrcode-generator.com/wp-content/plugins/accordion-blocks/js/accordion-blocks.min20e5.js]
[www.the-qrcode-generator.com/wp-content/plugins/accordion-blocks/build/index6d8d.css]
[www.the-qrcode-generator.com/index247b.html]
[www.the-qrcode-generator.com/wp-content/plugins/accordion-blocks/js/accordion-blocks.min6d8d.js]
[www.the-qrcode-generator.com/wp-content/plugins/accordion-blocks/build/indexd1b1.css]
[www.the-qrcode-generator.com/indexe151.html]
[www.the-qrcode-generator.com/wp-content/plugins/accordion-blocks/js/accordion-blocks.mind1b1.js]
[www.the-qrcode-generator.com/wp-content/plugins/accordion-blocks/build/index6c37.css]
[www.the-qrcode-generator.com/index4675.html]
[www.the-qrcode-generator.com/wp-content/plugins/accordion-blocks/build/index7952.css]
[www.the-qrcode-generator.com/pricingb739.html]
[www.the-qrcode-generator.com/wp-content/plugins/accordion-blocks/build/index7a16.css]
[www.the-qrcode-generator.com/scan7bdf.html]
[www.the-qrcode-generator.com/pricing86b0.html]
[www.the-qrcode-generator.com/pricing3cc2.html]
[www.the-qrcode-generator.com/wp-content/plugins/accordion-blocks/build/index3719.css]
[www.the-qrcode-generator.com/pricinga32f.html]
[www.the-qrcode-generator.com/wp-content/plugins/accordion-blocks/build/indexefc5.css]
[www.the-qrcode-generator.com/pricing70b2.html]
[www.the-qrcode-generator.com/wp-content/plugins/accordion-blocks/build/index4517.css]
[www.the-qrcode-generator.com/pricing153a.html]
[www.the-qrcode-generator.com/pricing0a7b.html]
[www.the-qrcode-generator.com/pricing3cb5.html]
[www.the-qrcode-generator.com/pricing6b46.html]
[www.the-qrcode-generator.com/pricing0b1f.html]
[www.the-qrcode-generator.com/pricingbce6.html]
[www.the-qrcode-generator.com/pricingc9fb.html]
[www.the-qrcode-generator.com/wp-content/plugins/accordion-blocks/build/indexee74.css]
[www.the-qrcode-generator.com/wp-content/plugins/accordion-blocks/build/index651b.css]
[www.the-qrcode-generator.com/wp-content/plugins/accordion-blocks/build/index38cf.css]
[www.the-qrcode-generator.com/pricing0717.html]
[www.the-qrcode-generator.com/pricinga154.html]
[www.the-qrcode-generator.com/pricingb64c.html]
[www.the-qrcode-generator.com/pricingcef0.html]
[www.the-qrcode-generator.com/pricing07e7.html]
[www.the-qrcode-generator.com/pricing19cf.html]
[www.the-qrcode-generator.com/pricing0798.html]
[www.the-qrcode-generator.com/wp-content/plugins/accordion-blocks/build/indexeddf.css]
[www.the-qrcode-generator.com/wp-content/plugins/accordion-blocks/js/accordion-blocks.min6c37.js]
[www.the-qrcode-generator.com/wp-content/plugins/accordion-blocks/build/index7faf.css]
[www.the-qrcode-generator.com/indexf5c5.html]
[www.the-qrcode-generator.com/index631b.html]
[www.the-qrcode-generator.com/index67a2.html]
[www.the-qrcode-generator.com/wp-content/plugins/accordion-blocks/js/accordion-blocks.min7faf.js]
[www.the-qrcode-generator.com/wp-content/plugins/accordion-blocks/build/index0737.css]
[www.the-qrcode-generator.com/indexa28b.html]
[www.the-qrcode-generator.com/wp-content/plugins/accordion-blocks/js/accordion-blocks.min0737.js]
[www.the-qrcode-generator.com/wp-content/plugins/accordion-blocks/build/indexc22e.css]
[www.the-qrcode-generator.com/index7b86.html]
[www.the-qrcode-generator.com/indexc7a6.html]
[www.the-qrcode-generator.com/wp-content/plugins/accordion-blocks/js/accordion-blocks.minc22e.js]
[www.the-qrcode-generator.com/wp-content/plugins/accordion-blocks/build/index6e96.css]
[www.the-qrcode-generator.com/indexe156.html]
[www.the-qrcode-generator.com/indexe1e4.html]
[www.the-qrcode-generator.com/wp-content/plugins/accordion-blocks/build/indexb28d.css]
[www.the-qrcode-generator.com/wp-content/plugins/accordion-blocks/build/indexd8ff.css]
[www.the-qrcode-generator.com/wp-content/plugins/accordion-blocks/js/accordion-blocks.min6e96.js]
[www.the-qrcode-generator.com/wp-content/plugins/accordion-blocks/build/index5229.css]
[www.the-qrcode-generator.com/index8b87.html]
[www.the-qrcode-generator.com/indexdd85.html]
[www.the-qrcode-generator.com/index33af.html]
[www.the-qrcode-generator.com/wp-content/plugins/accordion-blocks/js/accordion-blocks.min5229.js]
[www.the-qrcode-generator.com/wp-content/plugins/accordion-blocks/build/index3b07.css]
[www.the-qrcode-generator.com/index0039.html]
[www.the-qrcode-generator.com/wp-content/plugins/accordion-blocks/js/accordion-blocks.min3b07.js]
[www.the-qrcode-generator.com/wp-content/plugins/accordion-blocks/build/index92d3.css]
[www.the-qrcode-generator.com/index3c92.html]
[www.the-qrcode-generator.com/index4e39.html]
[www.the-qrcode-generator.com/indexf410.html]
[www.the-qrcode-generator.com/wp-content/plugins/accordion-blocks/js/accordion-blocks.min92d3.js]
[www.the-qrcode-generator.com/wp-content/plugins/accordion-blocks/build/index12c4.css]
[www.the-qrcode-generator.com/index8e08.html]
[www.the-qrcode-generator.com/wp-content/plugins/accordion-blocks/build/index552f.css]
[www.the-qrcode-generator.com/wp-content/plugins/accordion-blocks/js/accordion-blocks.min12c4.js]
[www.the-qrcode-generator.com/wp-content/plugins/accordion-blocks/build/indexf50a.css]
[www.the-qrcode-generator.com/index5ea2.html]
[www.the-qrcode-generator.com/index3ec8.html]
[www.the-qrcode-generator.com/indexd7eb.html]
[www.the-qrcode-generator.com/wp-content/plugins/accordion-blocks/js/accordion-blocks.minf50a.js]
[www.the-qrcode-generator.com/wp-content/plugins/accordion-blocks/build/index469a.css]
[www.the-qrcode-generator.com/index9cee.html]
[www.the-qrcode-generator.com/wp-content/plugins/accordion-blocks/js/accordion-blocks.min469a.js]
[www.the-qrcode-generator.com/wp-content/plugins/accordion-blocks/build/indexcab4.css]
[www.the-qrcode-generator.com/index3ae0.html]
[www.the-qrcode-generator.com/wp-content/plugins/accordion-blocks/js/accordion-blocks.mincab4.js]
[www.the-qrcode-generator.com/wp-content/plugins/accordion-blocks/build/indexf80f.css]
[www.the-qrcode-generator.com/index2155.html]
[www.the-qrcode-generator.com/index2abc.html]
[www.the-qrcode-generator.com/wp-content/plugins/accordion-blocks/js/accordion-blocks.minf80f.js]
[www.the-qrcode-generator.com/wp-content/plugins/accordion-blocks/build/index816f.css]
[www.the-qrcode-generator.com/indexfadb.html]
[www.the-qrcode-generator.com/wp-content/plugins/accordion-blocks/build/index852d.css]
[www.the-qrcode-generator.com/wp-content/plugins/accordion-blocks/build/indexd341.css]
[www.the-qrcode-generator.com/wp-content/plugins/accordion-blocks/js/accordion-blocks.min816f.js]
[www.the-qrcode-generator.com/wp-content/plugins/accordion-blocks/build/indexa92f.css]
[www.the-qrcode-generator.com/index2069.html]
[www.the-qrcode-generator.com/indexa4bd.html]
[www.the-qrcode-generator.com/index2963.html]
[www.the-qrcode-generator.com/wp-content/plugins/accordion-blocks/js/accordion-blocks.mina92f.js]
[www.the-qrcode-generator.com/wp-content/plugins/accordion-blocks/build/index1b69.css]
[www.the-qrcode-generator.com/indexbf0d.html]
[www.the-qrcode-generator.com/wp-content/plugins/accordion-blocks/js/accordion-blocks.min1b69.js]
[www.the-qrcode-generator.com/wp-content/plugins/accordion-blocks/build/index3819.css]
[www.the-qrcode-generator.com/index6f6e.html]
[www.the-qrcode-generator.com/wp-content/plugins/accordion-blocks/js/accordion-blocks.min3819.js]
[www.the-qrcode-generator.com/wp-content/plugins/accordion-blocks/build/index4da1.css]
[www.the-qrcode-generator.com/index5c6a.html]
[www.the-qrcode-generator.com/wp-content/plugins/accordion-blocks/js/accordion-blocks.min4da1.js]
[www.the-qrcode-generator.com/wp-content/plugins/accordion-blocks/build/index4248.css]
[www.the-qrcode-generator.com/index21cb.html]
[www.the-qrcode-generator.com/index0965.html]
[www.the-qrcode-generator.com/wp-content/plugins/accordion-blocks/build/index64bf.css]
[www.the-qrcode-generator.com/blog/indexb8c4.html]
[www.the-qrcode-generator.com/wp-content/plugins/accordion-blocks/js/accordion-blocks.min4248.js]
[www.the-qrcode-generator.com/pricingc7d1.html]
[www.the-qrcode-generator.com/pricing3703.html]
[www.the-qrcode-generator.com/pricing54d4.html]
[www.the-qrcode-generator.com/pricing858b.html]
[www.the-qrcode-generator.com/pricing12d7.html]
[www.the-qrcode-generator.com/pricinged16.html]
[www.the-qrcode-generator.com/pricing9a91.html]
[www.the-qrcode-generator.com/blog/basics/document.html]
[www.the-qrcode-generator.com/blog/index3f3a.html]
[www.the-qrcode-generator.com/blog/how-tos/document.html]
[www.the-qrcode-generator.com/wp-content/plugins/accordion-blocks/build/index746a.css]
[www.the-qrcode-generator.com/wp-content/plugins/accordion-blocks/build/index2cd9.css]
[www.the-qrcode-generator.com/wp-content/plugins/accordion-blocks/build/indexb4cd.css]
[www.the-qrcode-generator.com/wp-content/plugins/accordion-blocks/build/indexd6d1.css]
[www.the-qrcode-generator.com/wp-content/plugins/accordion-blocks/build/index9e77.css]
[www.the-qrcode-generator.com/wp-content/plugins/accordion-blocks/build/index448b.css]
[www.the-qrcode-generator.com/wp-content/plugins/accordion-blocks/build/index20e5.css]
[www.the-qrcode-generator.com/wp-content/plugins/accordion-blocks/build/index6d8d.css]
[www.the-qrcode-generator.com/wp-content/plugins/accordion-blocks/build/indexd1b1.css]
[www.the-qrcode-generator.com/wp-content/plugins/accordion-blocks/build/index6c37.css]
[www.the-qrcode-generator.com/wp-content/plugins/accordion-blocks/build/index7faf.css]
[www.the-qrcode-generator.com/wp-content/plugins/accordion-blocks/build/index0737.css]
[www.the-qrcode-generator.com/wp-content/plugins/accordion-blocks/build/indexc22e.css]
[www.the-qrcode-generator.com/wp-content/plugins/accordion-blocks/build/index6e96.css]
[www.the-qrcode-generator.com/wp-content/plugins/accordion-blocks/build/index5229.css]
[www.the-qrcode-generator.com/wp-content/plugins/accordion-blocks/build/index3b07.css]
[www.the-qrcode-generator.com/wp-content/plugins/accordion-blocks/build/index92d3.css]
[www.the-qrcode-generator.com/wp-content/plugins/accordion-blocks/build/index12c4.css]
[www.the-qrcode-generator.com/wp-content/plugins/accordion-blocks/build/indexf50a.css]
[www.the-qrcode-generator.com/wp-content/plugins/accordion-blocks/build/index469a.css]
[www.the-qrcode-generator.com/wp-content/plugins/accordion-blocks/build/indexcab4.css]
[www.the-qrcode-generator.com/wp-content/plugins/accordion-blocks/build/indexf80f.css]
[www.the-qrcode-generator.com/wp-content/plugins/accordion-blocks/build/index816f.css]
[www.the-qrcode-generator.com/wp-content/plugins/accordion-blocks/build/indexa92f.css]
[www.the-qrcode-generator.com/wp-content/plugins/accordion-blocks/build/index1b69.css]
[www.the-qrcode-generator.com/wp-content/plugins/accordion-blocks/build/index3819.css]
[www.the-qrcode-generator.com/wp-content/plugins/accordion-blocks/build/index4da1.css]
[www.the-qrcode-generator.com/wp-content/plugins/accordion-blocks/build/index4248.css]
[www.the-qrcode-generator.com/pricingc7d1.html]
[www.the-qrcode-generator.com/pricing3703.html]
[www.the-qrcode-generator.com/pricing54d4.html]
[www.the-qrcode-generator.com/pricing858b.html]
[www.the-qrcode-generator.com/pricing12d7.html]
[www.the-qrcode-generator.com/pricinged16.html]
[www.the-qrcode-generator.com/pricingd7ac.html]
[www.the-qrcode-generator.com/pricingd7ac.html]
